[] A "Docs for A" {
    [] B1 "Docs for B1" {
        [%16] ABC1 "Docs for ABC1"
        [%32@4] ABC2 "Docs for ABC1"
    }
    [10@8] TMP_ "Docs for this hidden area"
    [%8] B2 "Docs for B2" {
        =1 V1 "Docs for V1"
        =2 V2 "Docs for V2"
        =3 V3 "Docs for V3"
        <0:1> C1 "Docs for C1"
        <3:2> C2 "Docs for C2"
        <4> C3 "Docs for C3" {
            =1 ENABLE "Docs for ENABLE"
        }
        <5:7> C4 "Docs for C4" {
            <0> D1 "Docs for D1"
            <1> D2 "Docs for D2"
        }
    }
    [32] MEM_TEST {
        [2@0] MT1
        [2] MT2
        [2] MT3
        [@5] MT4
        [1@6] MT5
        [] MT6
        [:] MT7
    }
    [%32] B3 "Docs for B3" {
        <2@0> E1 "Docs for E1"
        <2@> E2 "Docs for E2"
        <4> E21
        <5> E22
        <1@6> E32
        <7> E3 "Docs for E3"
        <10:8> E5 "Docs for E5"
        <> E7 "Docs for E7"
        <> E7 "Docs for E7" {
            <0:3> EE1 "Docs for EE1"
            <4:5> EE2 "Docs for EE2"
        }
        <{A, B, C}> E8 {
            <0:2> X "Docs for X"
        }
        <:> E7 "Docs for E7"
    }
    [%32@68] B4 "Docs for B4" {
        <4@{D, E, F}> E1 "Docs for E1"
        <2@{14 G, 17 H, 19 I}> E2 "Docs for E2"
        <{J, K, 25 L}> E3 "Docs for E3"
    }
    [%64@72] B4 "Docs for B4" {
        <2@2[3 +4]> E7 "Docs for E7"
        <12[4]> E2 "Docs for E2"
        <[4]> E0 "Docs for E0"
        <2@[2]> E1 "Docs for E1"
        <[2 +3]> E4 "Docs E4"
        <2@32[2]> E3 "Docs E3"
        <2@[2 +2]> E5 "Docs E5"
        <37[2 +2]> E6 "Docs E6"
    }
}